C:\Users\Debangshu05\Downloads\gymkhanav2\gymkhana-unleashed\src\components\ui\command.tsx:24 @typescript-eslint/no-empty-object-type
C:\Users\Debangshu05\Downloads\gymkhanav2\gymkhana-unleashed\src\components\ui\textarea.tsx:5 @typescript-eslint/no-empty-object-type
C:\Users\Debangshu05\Downloads\gymkhanav2\gymkhana-unleashed\tailwind.config.ts:100 @typescript-eslint/no-require-imports
